INGEST_PROGRESS=1/100
INGEST_PROGRESS=10/100
INGEST_PROGRESS=20/100
INGEST_PROGRESS=30/100
INGEST_PROGRESS=40/100
INGEST_PROGRESS=50/100
INGEST_PROGRESS=60/100
INGEST_PROGRESS=70/100
INGEST_PROGRESS=80/100
INGEST_PROGRESS=90/100
INGEST_PROGRESS=100/100
HAYSTACK_INGEST=PASS
QUESTION_ID=01307e07
DOMAIN=enterprise
TIER=small
HAYSTACK_SIZE=100
CANDIDATE_VERTEX_IDS_EQUAL=True
A2_HYDRA_STATE_READS=3
A3_HYDRA_STATE_READS=9
A3_GRAPH_NEIGHBOR_STATES=6
GRAPH_DELTA_PRESENT=True
RESULT_JSON=/home/ubuntu/work/Engram-Memory/evidence/longmemeval-v2/runs/official-question-a2-a3-core-first-preflight/result.json
OFFICIAL_QUESTION_A2_A3_RETRIEVAL=PASS
