[transformers] PyTorch was not found. Models won't be available and only tokenizers, configuration and file/data utilities can be used.
TRAJECTORY_ID=00332982
QUERY=Referring to company protocol "Work Assignment: Assign Incidents to Relevant Agents" assign work to the agents with the following information:
Incidents to assign: WAS1315884, WAS1315358, WAS1315961

Network agents: Kathryn-Robert Ryan-Robinson, Natasha-Alicia Bradshaw-Sanchez
Software agents: Michael-Elijah Chapman-Sims, Henry-Connor Contreras-Hernandez

Don't forget to mark this task as "Closed - complete" once successfully completed.
INGEST=PASS
QUERY=PASS
{
  "candidate_count": 1,
  "candidate_vertex_ids": [
    5796538955901109683
  ],
  "context_items": 6,
  "graph_neighbor_states": 2,
  "hydra_state_reads": 3,
  "retrieval_mode": "graph"
}
CONTEXT_ITEMS=6
IMAGE_ITEMS=3
ENGRAM_HYDRA_MEMORY_SMOKE=PASS
